HOME  .
QUERY 1y64_proa.orig_init
TEMPL 1y64_proa.orig_build.pdb
RESIDUE     1 A  D     1  _    -     -  -
RESIDUE     2 A  E     2  _    -     -  -
RESIDUE     3 A  D     3  _    -     -  -
RESIDUE     4 A  E     4  _     4    1  E
RESIDUE     5 A  T     5  _     5    2  T
RESIDUE     6 A  T     6  _     6    3  T
RESIDUE     7 A  A     7  _     7    4  A
RESIDUE     8 A  L     8  _     8    5  L
RESIDUE     9 A  V     9  _     9    6  V
RESIDUE    10 A  C    10  _    10    7  C
RESIDUE    11 A  D    11  _    11    8  D
RESIDUE    12 A  N    12  _    12    9  N
RESIDUE    13 A  G    13  _    13   10  G
RESIDUE    14 A  S    14  _    14   11  S
RESIDUE    15 A  G    15  _    15   12  G
RESIDUE    16 A  L    16  _    16   13  L
RESIDUE    17 A  V    17  _    17   14  V
RESIDUE    18 A  K    18  _    18   15  K
RESIDUE    19 A  A    19  _    19   16  A
RESIDUE    20 A  G    20  _    20   17  G
RESIDUE    21 A  F    21  _    21   18  F
RESIDUE    22 A  A    22  _    22   19  A
RESIDUE    23 A  G    23  _    23   20  G
RESIDUE    24 A  D    24  _    24   21  D
RESIDUE    25 A  D    25  _    25   22  D
RESIDUE    26 A  A    26  _    26   23  A
RESIDUE    27 A  P    27  _    27   24  P
RESIDUE    28 A  R    28  _    28   25  R
RESIDUE    29 A  A    29  _    29   26  A
RESIDUE    30 A  V    30  _    30   27  V
RESIDUE    31 A  F    31  _    31   28  F
RESIDUE    32 A  P    32  _    32   29  P
RESIDUE    33 A  S    33  _    33   30  S
RESIDUE    34 A  I    34  _    34   31  I
RESIDUE    35 A  V    35  _    35   32  V
RESIDUE    36 A  G    36  _    36   33  G
RESIDUE    37 A  R    37  _    37   34  R
RESIDUE    38 A  P    38  _    38   35  P
RESIDUE    39 A  R    39  _    39   36  R
RESIDUE    40 A  H    40  _    -     -  -
RESIDUE    41 A  Q    41  _    -     -  -
RESIDUE    42 A  G    42  _    -     -  -
RESIDUE    43 A  V    43  _    -     -  -
RESIDUE    44 A  M    44  _    -     -  -
RESIDUE    45 A  V    45  _    -     -  -
RESIDUE    46 A  G    46  _    -     -  -
RESIDUE    47 A  M    47  _    -     -  -
RESIDUE    48 A  G    48  _    -     -  -
RESIDUE    49 A  Q    49  _    -     -  -
RESIDUE    50 A  K    50  _    -     -  -
RESIDUE    51 A  D    51  _    -     -  -
RESIDUE    52 A  S    52  _    -     -  -
RESIDUE    53 A  Y    53  _    -     -  -
RESIDUE    54 A  V    54  _    -     -  -
RESIDUE    55 A  G    55  _    -     -  -
RESIDUE    56 A  D    56  _    -     -  -
RESIDUE    57 A  E    57  _    -     -  -
RESIDUE    58 A  A    58  _    -     -  -
RESIDUE    59 A  Q    59  _    -     -  -
RESIDUE    60 A  S    60  _    -     -  -
RESIDUE    61 A  K    61  _    -     -  -
RESIDUE    62 A  R    62  _    -     -  -
RESIDUE    63 A  G    63  _    -     -  -
RESIDUE    64 A  I    64  _    -     -  -
RESIDUE    65 A  L    65  _    -     -  -
RESIDUE    66 A  T    66  _    -     -  -
RESIDUE    67 A  L    67  _    -     -  -
RESIDUE    68 A  K    68  _    -     -  -
RESIDUE    69 A  Y    69  _    -     -  -
RESIDUE    70 A  P    70  _    -     -  -
RESIDUE    71 A  I    71  _    -     -  -
RESIDUE    72 A  E    72  _    -     -  -
RESIDUE    73 A  (    73  _    -     -  -
RESIDUE    74 A  H    74  _    -     -  -
RESIDUE    75 A  I    75  _    -     -  -
RESIDUE    76 A  C    76  _    -     -  -
RESIDUE    77 A  )    77  _    -     -  -
RESIDUE    78 A  G    78  _    74   38  G
RESIDUE    79 A  I    79  _    75   39  I
RESIDUE    80 A  I    80  _    76   40  I
RESIDUE    81 A  T    81  _    77   41  T
RESIDUE    82 A  N    82  _    78   42  N
RESIDUE    83 A  W    83  _    79   43  W
RESIDUE    84 A  D    84  _    80   44  D
RESIDUE    85 A  D    85  _    81   45  D
RESIDUE    86 A  M    86  _    82   46  M
RESIDUE    87 A  E    87  _    83   47  E
RESIDUE    88 A  K    88  _    84   48  K
RESIDUE    89 A  I    89  _    85   49  I
RESIDUE    90 A  W    90  _    86   50  W
RESIDUE    91 A  H    91  _    87   51  H
RESIDUE    92 A  H    92  _    88   52  H
RESIDUE    93 A  T    93  _    89   53  T
RESIDUE    94 A  F    94  _    90   54  F
RESIDUE    95 A  Y    95  _    91   55  Y
RESIDUE    96 A  N    96  _    92   56  N
RESIDUE    97 A  E    97  _    93   57  E
RESIDUE    98 A  L    98  _    94   58  L
RESIDUE    99 A  R    99  _    95   59  R
RESIDUE   100 A  V   100  _    96   60  V
RESIDUE   101 A  A   101  _    97   61  A
RESIDUE   102 A  P   102  _    98   62  P
RESIDUE   103 A  E   103  _    99   63  E
RESIDUE   104 A  E   104  _   100   64  E
RESIDUE   105 A  H   105  _   101   65  H
RESIDUE   106 A  P   106  _   102   66  P
RESIDUE   107 A  T   107  _   103   67  T
RESIDUE   108 A  L   108  _   104   68  L
RESIDUE   109 A  L   109  _   105   69  L
RESIDUE   110 A  T   110  _   106   70  T
RESIDUE   111 A  E   111  _   107   71  E
RESIDUE   112 A  A   112  _   108   72  A
RESIDUE   113 A  P   113  _   109   73  P
RESIDUE   114 A  L   114  _   110   74  L
RESIDUE   115 A  N   115  _   111   75  N
RESIDUE   116 A  P   116  _   112   76  P
RESIDUE   117 A  K   117  _   113   77  K
RESIDUE   118 A  A   118  _   114   78  A
RESIDUE   119 A  N   119  _   115   79  N
RESIDUE   120 A  R   120  _   116   80  R
RESIDUE   121 A  E   121  _   117   81  E
RESIDUE   122 A  K   122  _   118   82  K
RESIDUE   123 A  M   123  _   119   83  M
RESIDUE   124 A  T   124  _   120   84  T
RESIDUE   125 A  Q   125  _   121   85  Q
RESIDUE   126 A  I   126  _   122   86  I
RESIDUE   127 A  M   127  _   123   87  M
RESIDUE   128 A  F   128  _   124   88  F
RESIDUE   129 A  E   129  _   125   89  E
RESIDUE   130 A  T   130  _   126   90  T
RESIDUE   131 A  F   131  _   127   91  F
RESIDUE   132 A  N   132  _   128   92  N
RESIDUE   133 A  V   133  _   129   93  V
RESIDUE   134 A  P   134  _   130   94  P
RESIDUE   135 A  A   135  _   131   95  A
RESIDUE   136 A  M   136  _   132   96  M
RESIDUE   137 A  Y   137  _   133   97  Y
RESIDUE   138 A  V   138  _   134   98  V
RESIDUE   139 A  A   139  _   135   99  A
RESIDUE   140 A  I   140  _   136  100  I
RESIDUE   141 A  Q   141  _   137  101  Q
RESIDUE   142 A  A   142  _   138  102  A
RESIDUE   143 A  V   143  _   139  103  V
RESIDUE   144 A  L   144  _   140  104  L
RESIDUE   145 A  S   145  _   141  105  S
RESIDUE   146 A  L   146  _   142  106  L
RESIDUE   147 A  Y   147  _   143  107  Y
RESIDUE   148 A  A   148  _   144  108  A
RESIDUE   149 A  S   149  _   145  109  S
RESIDUE   150 A  G   150  _   146  110  G
RESIDUE   151 A  R   151  _   147  111  R
RESIDUE   152 A  T   152  _   148  112  T
RESIDUE   153 A  T   153  _   149  113  T
RESIDUE   154 A  G   154  _   150  114  G
RESIDUE   155 A  I   155  _   151  115  I
RESIDUE   156 A  V   156  _   152  116  V
RESIDUE   157 A  L   157  _   153  117  L
RESIDUE   158 A  D   158  _   154  118  D
RESIDUE   159 A  S   159  _   155  119  S
RESIDUE   160 A  G   160  _   156  120  G
RESIDUE   161 A  D   161  _   157  121  D
RESIDUE   162 A  G   162  _   158  122  G
RESIDUE   163 A  V   163  _   159  123  V
RESIDUE   164 A  T   164  _   160  124  T
RESIDUE   165 A  H   165  _   161  125  H
RESIDUE   166 A  N   166  _   162  126  N
RESIDUE   167 A  V   167  _   163  127  V
RESIDUE   168 A  P   168  _   164  128  P
RESIDUE   169 A  I   169  _   165  129  I
RESIDUE   170 A  Y   170  _   166  130  Y
RESIDUE   171 A  E   171  _   167  131  E
RESIDUE   172 A  G   172  _   168  132  G
RESIDUE   173 A  Y   173  _   169  133  Y
RESIDUE   174 A  A   174  _   170  134  A
RESIDUE   175 A  L   175  _   171  135  L
RESIDUE   176 A  P   176  _   172  136  P
RESIDUE   177 A  H   177  _   173  137  H
RESIDUE   178 A  A   178  _   174  138  A
RESIDUE   179 A  I   179  _   175  139  I
RESIDUE   180 A  M   180  _   176  140  M
RESIDUE   181 A  R   181  _   177  141  R
RESIDUE   182 A  L   182  _   178  142  L
RESIDUE   183 A  D   183  _   179  143  D
RESIDUE   184 A  L   184  _   180  144  L
RESIDUE   185 A  A   185  _   181  145  A
RESIDUE   186 A  G   186  _   182  146  G
RESIDUE   187 A  R   187  _   183  147  R
RESIDUE   188 A  D   188  _   184  148  D
RESIDUE   189 A  L   189  _   185  149  L
RESIDUE   190 A  T   190  _   186  150  T
RESIDUE   191 A  D   191  _   187  151  D
RESIDUE   192 A  Y   192  _   188  152  Y
RESIDUE   193 A  L   193  _   189  153  L
RESIDUE   194 A  M   194  _   190  154  M
RESIDUE   195 A  K   195  _   191  155  K
RESIDUE   196 A  I   196  _   192  156  I
RESIDUE   197 A  L   197  _   193  157  L
RESIDUE   198 A  T   198  _   194  158  T
RESIDUE   199 A  E   199  _   195  159  E
RESIDUE   200 A  R   200  _   196  160  R
RESIDUE   201 A  G   201  _   197  161  G
RESIDUE   202 A  Y   202  _   198  162  Y
RESIDUE   203 A  S   203  _   199  163  S
RESIDUE   204 A  F   204  _   200  164  F
RESIDUE   205 A  V   205  _   201  165  V
RESIDUE   206 A  T   206  _   202  166  T
RESIDUE   207 A  T   207  _   203  167  T
RESIDUE   208 A  A   208  _   204  168  A
RESIDUE   209 A  E   209  _   205  169  E
RESIDUE   210 A  R   210  _   206  170  R
RESIDUE   211 A  E   211  _   207  171  E
RESIDUE   212 A  I   212  _   208  172  I
RESIDUE   213 A  V   213  _   209  173  V
RESIDUE   214 A  R   214  _   210  174  R
RESIDUE   215 A  D   215  _   211  175  D
RESIDUE   216 A  I   216  _   212  176  I
RESIDUE   217 A  K   217  _   213  177  K
RESIDUE   218 A  E   218  _   214  178  E
RESIDUE   219 A  K   219  _   215  179  K
RESIDUE   220 A  L   220  _   216  180  L
RESIDUE   221 A  C   221  _   217  181  C
RESIDUE   222 A  Y   222  _   218  182  Y
RESIDUE   223 A  V   223  _   219  183  V
RESIDUE   224 A  A   224  _   220  184  A
RESIDUE   225 A  L   225  _   221  185  L
RESIDUE   226 A  D   226  _   222  186  D
RESIDUE   227 A  F   227  _   223  187  F
RESIDUE   228 A  E   228  _   224  188  E
RESIDUE   229 A  N   229  _   225  189  N
RESIDUE   230 A  E   230  _   226  190  E
RESIDUE   231 A  M   231  _   227  191  M
RESIDUE   232 A  A   232  _   228  192  A
RESIDUE   233 A  T   233  _   229  193  T
RESIDUE   234 A  A   234  _   230  194  A
RESIDUE   235 A  A   235  _   231  195  A
RESIDUE   236 A  S   236  _   232  196  S
RESIDUE   237 A  S   237  _   233  197  S
RESIDUE   238 A  S   238  _   234  198  S
RESIDUE   239 A  S   239  _   235  199  S
RESIDUE   240 A  L   240  _   236  200  L
RESIDUE   241 A  E   241  _   237  201  E
RESIDUE   242 A  K   242  _   238  202  K
RESIDUE   243 A  S   243  _   239  203  S
RESIDUE   244 A  Y   244  _   240  204  Y
RESIDUE   245 A  E   245  _   241  205  E
RESIDUE   246 A  L   246  _   242  206  L
RESIDUE   247 A  P   247  _   243  207  P
RESIDUE   248 A  D   248  _   244  208  D
RESIDUE   249 A  G   249  _   245  209  G
RESIDUE   250 A  Q   250  _   246  210  Q
RESIDUE   251 A  V   251  _   247  211  V
RESIDUE   252 A  I   252  _   248  212  I
RESIDUE   253 A  T   253  _   249  213  T
RESIDUE   254 A  I   254  _   250  214  I
RESIDUE   255 A  G   255  _   251  215  G
RESIDUE   256 A  N   256  _   252  216  N
RESIDUE   257 A  E   257  _   253  217  E
RESIDUE   258 A  R   258  _   254  218  R
RESIDUE   259 A  F   259  _   255  219  F
RESIDUE   260 A  R   260  _   256  220  R
RESIDUE   261 A  C   261  _   257  221  C
RESIDUE   262 A  P   262  _   258  222  P
RESIDUE   263 A  E   263  _   259  223  E
RESIDUE   264 A  T   264  _   260  224  T
RESIDUE   265 A  L   265  _   261  225  L
RESIDUE   266 A  F   266  _   262  226  F
RESIDUE   267 A  Q   267  _   263  227  Q
RESIDUE   268 A  P   268  _   264  228  P
RESIDUE   269 A  S   269  _   265  229  S
RESIDUE   270 A  F   270  _   266  230  F
RESIDUE   271 A  I   271  _   267  231  I
RESIDUE   272 A  G   272  _   268  232  G
RESIDUE   273 A  M   273  _   269  233  M
RESIDUE   274 A  E   274  _   270  234  E
RESIDUE   275 A  S   275  _   271  235  S
RESIDUE   276 A  A   276  _   272  236  A
RESIDUE   277 A  G   277  _   273  237  G
RESIDUE   278 A  I   278  _   274  238  I
RESIDUE   279 A  H   279  _   275  239  H
RESIDUE   280 A  E   280  _   276  240  E
RESIDUE   281 A  T   281  _   277  241  T
RESIDUE   282 A  T   282  _   278  242  T
RESIDUE   283 A  Y   283  _   279  243  Y
RESIDUE   284 A  N   284  _   280  244  N
RESIDUE   285 A  S   285  _   281  245  S
RESIDUE   286 A  I   286  _   282  246  I
RESIDUE   287 A  M   287  _   283  247  M
RESIDUE   288 A  K   288  _   284  248  K
RESIDUE   289 A  C   289  _   285  249  C
RESIDUE   290 A  D   290  _   286  250  D
RESIDUE   291 A  I   291  _   287  251  I
RESIDUE   292 A  D   292  _   288  252  D
RESIDUE   293 A  I   293  _   289  253  I
RESIDUE   294 A  R   294  _   290  254  R
RESIDUE   295 A  K   295  _   291  255  K
RESIDUE   296 A  D   296  _   292  256  D
RESIDUE   297 A  L   297  _   293  257  L
RESIDUE   298 A  Y   298  _   294  258  Y
RESIDUE   299 A  A   299  _   295  259  A
RESIDUE   300 A  N   300  _   296  260  N
RESIDUE   301 A  N   301  _   297  261  N
RESIDUE   302 A  V   302  _   298  262  V
RESIDUE   303 A  M   303  _   299  263  M
RESIDUE   304 A  S   304  _   300  264  S
RESIDUE   305 A  G   305  _   301  265  G
RESIDUE   306 A  G   306  _   302  266  G
RESIDUE   307 A  T   307  _   303  267  T
RESIDUE   308 A  T   308  _   304  268  T
RESIDUE   309 A  M   309  _   305  269  M
RESIDUE   310 A  Y   310  _   306  270  Y
RESIDUE   311 A  P   311  _   307  271  P
RESIDUE   312 A  G   312  _   308  272  G
RESIDUE   313 A  I   313  _   309  273  I
RESIDUE   314 A  A   314  _   310  274  A
RESIDUE   315 A  D   315  _   311  275  D
RESIDUE   316 A  R   316  _   312  276  R
RESIDUE   317 A  M   317  _   313  277  M
RESIDUE   318 A  Q   318  _   314  278  Q
RESIDUE   319 A  K   319  _   315  279  K
RESIDUE   320 A  E   320  _   316  280  E
RESIDUE   321 A  I   321  _   317  281  I
RESIDUE   322 A  T   322  _   318  282  T
RESIDUE   323 A  A   323  _   319  283  A
RESIDUE   324 A  L   324  _   320  284  L
RESIDUE   325 A  A   325  _   321  285  A
RESIDUE   326 A  P   326  _   322  286  P
RESIDUE   327 A  S   327  _   323  287  S
RESIDUE   328 A  T   328  _   324  288  T
RESIDUE   329 A  M   329  _   325  289  M
RESIDUE   330 A  K   330  _   326  290  K
RESIDUE   331 A  I   331  _   327  291  I
RESIDUE   332 A  K   332  _   328  292  K
RESIDUE   333 A  I   333  _   329  293  I
RESIDUE   334 A  I   334  _   330  294  I
RESIDUE   335 A  A   335  _   331  295  A
RESIDUE   336 A  P   336  _   332  296  P
RESIDUE   337 A  P   337  _   333  297  P
RESIDUE   338 A  E   338  _   334  298  E
RESIDUE   339 A  R   339  _   335  299  R
RESIDUE   340 A  K   340  _   336  300  K
RESIDUE   341 A  Y   341  _   337  301  Y
RESIDUE   342 A  S   342  _   338  302  S
RESIDUE   343 A  V   343  _   339  303  V
RESIDUE   344 A  W   344  _   340  304  W
RESIDUE   345 A  I   345  _   341  305  I
RESIDUE   346 A  G   346  _   342  306  G
RESIDUE   347 A  G   347  _   343  307  G
RESIDUE   348 A  S   348  _   344  308  S
RESIDUE   349 A  I   349  _   345  309  I
RESIDUE   350 A  L   350  _   346  310  L
RESIDUE   351 A  A   351  _   347  311  A
RESIDUE   352 A  S   352  _   348  312  S
RESIDUE   353 A  L   353  _   349  313  L
RESIDUE   354 A  S   354  _   350  314  S
RESIDUE   355 A  T   355  _   351  315  T
RESIDUE   356 A  F   356  _   352  316  F
RESIDUE   357 A  Q   357  _   353  317  Q
RESIDUE   358 A  Q   358  _   354  318  Q
RESIDUE   359 A  M   359  _   355  319  M
RESIDUE   360 A  W   360  _   356  320  W
RESIDUE   361 A  I   361  _   357  321  I
RESIDUE   362 A  T   362  _   358  322  T
RESIDUE   363 A  K   363  _   359  323  K
RESIDUE   364 A  Q   364  _   360  324  Q
RESIDUE   365 A  E   365  _   361  325  E
RESIDUE   366 A  Y   366  _   362  326  Y
RESIDUE   367 A  D   367  _   363  327  D
RESIDUE   368 A  E   368  _   364  328  E
RESIDUE   369 A  A   369  _   365  329  A
RESIDUE   370 A  G   370  _   366  330  G
RESIDUE   371 A  P   371  _   367  331  P
RESIDUE   372 A  S   372  _   368  332  S
RESIDUE   373 A  I   373  _   369  333  I
RESIDUE   374 A  V   374  _   370  334  V
RESIDUE   375 A  H   375  _   371  335  H
RESIDUE   376 A  R   376  _   372  336  R
RESIDUE   377 A  K   377  _    -     -  -
RESIDUE   378 A  C   378  _    -     -  -
RESIDUE   379 A  F   379  _    -     -  -
TER
END
